{"event": "summary", "rounds": 4, "alive": ["Hero", "Goblin"], "dead": [], "stable": []}
