- Longsword: +5 to hit, 1d8 +3 slashing (versatile:1d10)
- Dagger: +5 to hit, 1d4 +3 piercing (finesse, light, thrown, 20/60)
