Conflict: rule/attack.shortbow -> keeping generated, ignoring legacy-data
Not found verb: "hide"
Not found verb: "status"
Not found verb: "end"
Summary: rounds=4; alive=['Hero', 'Goblin']; dead=[]; stable=[]
